Microsoft Windows [Version 10.0.19044.1949]
(c) Microsoft Corporation. All rights reserved.

C:\WINDOWS\system32>git --version
git version 2.37.3.windows.1

C:\WINDOWS\system32>d:

D:\>cd WorkProj

D:\WorkProj>git clone https://github.com/gokul630/bms.git
Cloning into 'bms'...
remote: Enumerating objects: 11, done.
remote: Counting objects: 100% (11/11), done.
remote: Compressing objects: 100% (6/6), done.
remote: Total 11 (delta 1), reused 8 (delta 1), pack-reused 0
Receiving objects: 100% (11/11), done.
Resolving deltas: 100% (1/1), done.

D:\WorkProj>cd bms

D:\WorkProj\bms>git status
On branch main
Your branch is up to date with 'origin/main'.

Changes not staged for commit:
  (use "git add <file>..." to update what will be committed)
  (use "git restore <file>..." to discard changes in working directory)
        modified:   aurojit/notes.txt

no changes added to commit (use "git add" and/or "git commit -a")

D:\WorkProj\bms>git add .

D:\WorkProj\bms>git status
On branch main
Your branch is up to date with 'origin/main'.

Changes to be committed:
  (use "git restore --staged <file>..." to unstage)
        modified:   aurojit/notes.txt


D:\WorkProj\bms>git commit -m "aurojit"
Author identity unknown

*** Please tell me who you are.

Run

  git config --global user.email "you@example.com"
  git config --global user.name "Your Name"

to set your account's default identity.
Omit --global to set the identity only in this repository.

fatal: unable to auto-detect email address (got 'OMM@LAPTOP-M2IBB0P2.(none)')

D:\WorkProj\bms>git status
On branch main
Your branch is up to date with 'origin/main'.

Changes to be committed:
  (use "git restore --staged <file>..." to unstage)
        modified:   aurojit/notes.txt


D:\WorkProj\bms> git config --global user.email "aurojit.mohanty18@gmail.com"

D:\WorkProj\bms> git config --global user.name "Aurojitmohanty2000"

D:\WorkProj\bms>git commit -m "aurojit"
[main d99d127] aurojit
 1 file changed, 1 insertion(+)

D:\WorkProj\bms>git push origin main
Enumerating objects: 7, done.
Counting objects: 100% (7/7), done.
Delta compression using up to 4 threads
Compressing objects: 100% (2/2), done.
Writing objects: 100% (4/4), 346 bytes | 346.00 KiB/s, done.
Total 4 (delta 1), reused 0 (delta 0), pack-reused 0
remote: Resolving deltas: 100% (1/1), completed with 1 local object.
To https://github.com/gokul630/bms.git
   d2bd9a0..d99d127  main -> main

D:\WorkProj\bms>